src/components/quiz/steps/step-result.tsx(17,23): error TS2345: Argument of type 'number' is not assignable to parameter of type 'SetStateAction<{ bioAge: number; chronologicalAge: number; bmi: number; } | null>'.
